../Core/Src/main.cpp:79:5:int main()	72	static
../Core/Src/main.cpp:177:6:void SystemClock_Config()	112	static
../Core/Src/main.cpp:214:13:void MX_CAN_Init()	8	static
../Core/Src/main.cpp:251:13:void MX_SPI1_Init()	8	static
../Core/Src/main.cpp:291:13:void MX_TIM1_Init()	32	static
../Core/Src/main.cpp:337:13:void MX_USART2_UART_Init()	8	static
../Core/Src/main.cpp:372:13:void MX_GPIO_Init()	48	static
../Core/Src/main.cpp:394:5:int BitExtract(int, int)	16	static
../Core/Src/main.cpp:399:6:void delay_us(uint16_t)	16	static
../Core/Src/main.cpp:406:6:bool AMT223_Check(uint16_t)	40	static
../Core/Src/main.cpp:417:9:int16_t averageValueAMT223b(int, int16_t)	32	static
../Core/Src/main.cpp:431:9:int16_t getPosition(int16_t)	56	static
../Core/Src/main.cpp:471:6:void Error_Handler()	8	static,ignoring_inline_asm
